--- P2P File Transfer Application (Node 4) ---
Logging to: node_4_p2p.log
Simulating P2P Node 4 (Automated Run)
Node 4 listening on port 8084
P2PFileSharer for Node 4 initialized.
Node 4: P2PFileSharer processing loop started.
P2PFileSharer for Node 4 started.
Node 4 (Leecher) will attempt to download 'something_shared.txt'
Node 4 (Leecher) waiting for metadata for 'something_shared.txt'...
Node 4: Comm Deserialized Packet: Type=8, From=1, FileID=532854354, PayloadSize=36
Node 4: handleAnnounceFileMetadata called. From=1, FileID=532854354
Node 4: Received ANNOUNCE_FILE_METADATA from 1 for FileID 532854354 ('something_shared.txt')
Node 4: Processing announcement for FileID 532854354 ('something_shared.txt') from Node 1
Node 4: getDiscoveredFileMetadata searching for 'something_shared.txt'
Node 4 (Leecher) found metadata for 'something_shared.txt' (FileID: 532854354).
Node 4: Initiating download for FileID 532854354 ('something_shared.txt'), Size: 48974, Chunks: 48, Target: ./downloads_node_4/something_shared.txt
Node 4: Setup download session for TransferID 532854354, expecting 48974 bytes in 48 chunks.
Node 4: downloadFile - About to call requestNeededChunks for FileID 532854354
Node 4: requestNeededChunks called for FileID 532854354 (Initial Call)
Node 4: entered lock in requestNeededChunks
Node 4: requestNeededChunks - Requesting 10 chunks for FileID 532854354 ('something_shared.txt') from Node 1. Chunks: 0, 1, 2, 3, 4, 5, 6, 7, 8, 9
Node 4: Comm::send - Preparing to send PacketType 7 to Node 1 (127.0.0.1:8081)
Node 4: Comm::send - Attempting to connect to Node 1 (127.0.0.1:8081)
Node 4: Comm::send - Connected to Node 1
Node 4: Comm::send - Attempting to send 26 bytes to Node 1
Node 4: Comm::send - Successfully sent 26 bytes of PacketType 7 to Node 1
Node 4: Comm::send - Preparing to send PacketType 7 to Node 1 (127.0.0.1:8081)
Node 4: Comm::send - Attempting to connect to Node 1 (127.0.0.1:8081)
Node 4: Comm::send - Connected to Node 1
Node 4: Comm::send - Attempting to send 26 bytes to Node 1
Node 4: Comm::send - Successfully sent 26 bytes of PacketType 7 to Node 1
Node 4: Comm::send - Preparing to send PacketType 7 to Node 1 (127.0.0.1:8081)
Node 4: Comm::send - Attempting to connect to Node 1 (127.0.0.1:8081)
Node 4: Comm::send - Connected to Node 1
Node 4: Comm::send - Attempting to send 26 bytes to Node 1
Node 4: Comm::send - Successfully sent 26 bytes of PacketType 7 to Node 1
Node 4: Comm::send - Preparing to send PacketType 7 to Node 1 (127.0.0.1:8081)
Node 4: Comm::send - Attempting to connect to Node 1 (127.0.0.1:8081)
Node 4: Comm::send - Connected to Node 1
Node 4: Comm::send - Attempting to send 26 bytes to Node 1
Node 4: Comm::send - Successfully sent 26 bytes of PacketType 7 to Node 1
Node 4: Comm::send - Preparing to send PacketType 7 to Node 1 (127.0.0.1:8081)
Node 4: Comm::send - Preparing to send PacketType 7 to Node 1 (127.0.0.1:8081)
Node 4: Comm Deserialized Packet: Type=4, From=1, FileID=532854354, PayloadSize=1024
Node 4: Comm::send - Attempting to connect to Node 1 (127.0.0.1:8081)
Node 4: Stored CHUNK 0 for FileID 532854354 (Size: 1024, Total Chunks Stored: 1/48, Total Bytes: 1024/48974)
Node 4: Comm::send - Connected to Node 1
Node 4: Comm::send - Attempting to send 26 bytes to Node 1
Node 4: Comm::send - Successfully sent 26 bytes of PacketType 7 to Node 1
Node 4: Comm::send - Preparing to send PacketType 7 to Node 1 (127.0.0.1:8081)
Node 4: Comm::send - Attempting to connect to Node 1 (127.0.0.1:8081)
Node 4: P2PFileSharer received DATA_FILE_CHUNK directly. This is unexpected if Comm reassembles.
Node 4: P2PFileSharer received DATA_FILE_CHUNK directly. This is unexpected if Comm reassembles.
Node 4: Comm::send - Connected to Node 1
Node 4: Comm::send - Attempting to send 26 bytes to Node 1
Node 4: Comm::send - Successfully sent 26 bytes of PacketType 7 to Node 1
Node 4: Comm::send - Preparing to send PacketType 7 to Node 1 (127.0.0.1:8081)
Node 4: Comm::send - Attempting to connect to Node 1 (127.0.0.1:8081)
Node 4: Comm::send - Connected to Node 1
Node 4: Comm::send - Attempting to send 26 bytes to Node 1
Node 4: Comm::send - Successfully sent 26 bytes of PacketType 7 to Node 1
Node 4: Comm::send - Preparing to send PacketType 7 to Node 1 (127.0.0.1:8081)
Node 4: Comm::send - Attempting to connect to Node 1 (127.0.0.1:8081)
Node 4: Comm::send - Connected to Node 1
Node 4: Comm::send - Attempting to send 26 bytes to Node 1
Node 4: Comm::send - Successfully sent 26 bytes of PacketType 7 to Node 1
Node 4: Comm::send - Preparing to send PacketType 7 to Node 1 (127.0.0.1:8081)
Node 4: Comm Deserialized Packet: Type=4, From=1, FileID=532854354, PayloadSize=1024
Node 4: Comm Deserialized Packet: Type=4, From=1, FileID=532854354, PayloadSize=1024
Node 4: Comm::send - Attempting to connect to Node 1 (127.0.0.1:8081)
Node 4: Stored CHUNK 1 for FileID 532854354 (Size: 1024, Total Chunks Stored: 2/48, Total Bytes: 2048/48974)
Node 4: Comm::send - Connected to Node 1
Node 4: Comm::send - Connected to Node 1
Node 4: P2PFileSharer received DATA_FILE_CHUNK directly. This is unexpected if Comm reassembles.
Node 4: Comm::send - Attempting to send 26 bytes to Node 1
Node 4: Comm::send - Successfully sent 26 bytes of PacketType 7 to Node 1
Node 4: Comm::send - Preparing to send PacketType 7 to Node 1 (127.0.0.1:8081)
Node 4: Comm::send - Attempting to connect to Node 1 (127.0.0.1:8081)
Node 4: Comm::send - Connected to Node 1
Node 4: Comm::send - Attempting to send 26 bytes to Node 1
Node 4: Comm Deserialized Packet: Type=4, From=1, FileID=532854354, PayloadSize=1024
Node 4: Comm::send - Successfully sent 26 bytes of PacketType 7 to Node 1
Node 4: Comm::send - Successfully sent 26 bytes of PacketType 7 to Node 1
Node 4: Stored CHUNK 2 for FileID 532854354 (Size: 1024, Total Chunks Stored: 3/48, Total Bytes: 3072/48974)
Node 4 (Leecher) initiated/confirmed download for 'something_shared.txt' (FileID: 532854354). Waiting for completion...
Node 4 (Leecher) initiated/confirmed download for 'something_shared.txt' (FileID: 532854354). Waiting for completion...
Node 4: P2PFileSharer received DATA_FILE_CHUNK directly. This is unexpected if Comm reassembles.
Node 4: Comm Deserialized Packet: Type=4, From=1, FileID=532854354, PayloadSize=1024
Node 4: Stored CHUNK 3 for FileID 532854354 (Size: 1024, Total Chunks Stored: 4/48, Total Bytes: 4096/48974)
Node 4: P2PFileSharer received DATA_FILE_CHUNK directly. This is unexpected if Comm reassembles.
Node 4: Comm Deserialized Packet: Type=4, From=1, FileID=532854354, PayloadSize=1024
Node 4: Stored CHUNK 4 for FileID 532854354 (Size: 1024, Total Chunks Stored: 5/48, Total Bytes: 5120/48974)
Node 4: P2PFileSharer received DATA_FILE_CHUNK directly. This is unexpected if Comm reassembles.
Node 4: Comm Deserialized Packet: Type=4, From=1, FileID=532854354, PayloadSize=1024
Node 4: Stored CHUNK 5 for FileID 532854354 (Size: 1024, Total Chunks Stored: 6/48, Total Bytes: 6144/48974)
Node 4: P2PFileSharer received DATA_FILE_CHUNK directly. This is unexpected if Comm reassembles.
Node 4: Comm Deserialized Packet: Type=4, From=1, FileID=532854354, PayloadSize=1024
Node 4: Stored CHUNK 6 for FileID 532854354 (Size: 1024, Total Chunks Stored: 7/48, Total Bytes: 7168/48974)
Node 4: P2PFileSharer received DATA_FILE_CHUNK directly. This is unexpected if Comm reassembles.
Node 4: Comm Deserialized Packet: Type=4, From=1, FileID=532854354, PayloadSize=1024
Node 4: Stored CHUNK 7 for FileID 532854354 (Size: 1024, Total Chunks Stored: 8/48, Total Bytes: 8192/48974)
Node 4: P2PFileSharer received DATA_FILE_CHUNK directly. This is unexpected if Comm reassembles.
Node 4: Comm Deserialized Packet: Type=4, From=1, FileID=532854354, PayloadSize=1024
Node 4: Stored CHUNK 8 for FileID 532854354 (Size: 1024, Total Chunks Stored: 9/48, Total Bytes: 9216/48974)
Node 4: P2PFileSharer received DATA_FILE_CHUNK directly. This is unexpected if Comm reassembles.
Node 4: Comm Deserialized Packet: Type=4, From=1, FileID=532854354, PayloadSize=1024
Node 4: Stored CHUNK 9 for FileID 532854354 (Size: 1024, Total Chunks Stored: 10/48, Total Bytes: 10240/48974)
Node 4: P2PFileSharer received DATA_FILE_CHUNK directly. This is unexpected if Comm reassembles.
